2026-03-27 03:22:09,848 - INFO - Starting Gmail watcher...
2026-03-27 03:22:09,849 - INFO - Monitoring Gmail account: newhibaqureshi199@gmail.com
2026-03-27 03:22:09,850 - INFO - Checking for new emails...
2026-03-27 03:25:13,420 - INFO - No new emails found
2026-03-27 03:26:13,422 - INFO - Checking for new emails...
2026-03-27 03:27:22,516 - INFO - No new emails found
2026-03-27 03:28:22,518 - INFO - Checking for new emails...
2026-03-27 03:28:50,905 - INFO - No new emails found
2026-03-27 03:29:50,908 - INFO - Checking for new emails...
2026-03-27 03:30:06,679 - INFO - Starting Gmail watcher...
2026-03-27 03:30:06,679 - INFO - Monitoring Gmail account: newhibaqureshi199@gmail.com
2026-03-27 03:30:06,679 - INFO - Checking for new emails...
2026-03-27 03:30:25,052 - ERROR - Failed to connect to Gmail: socket error: EOF
2026-03-27 03:30:25,052 - ERROR - Error checking emails: socket error: EOF
2026-03-27 03:30:25,052 - INFO - No new emails found
2026-03-27 03:31:25,056 - INFO - Checking for new emails...
2026-03-27 03:31:37,289 - INFO - No new emails found
2026-03-27 03:31:45,333 - INFO - No new emails found
2026-03-27 03:32:37,291 - INFO - Checking for new emails...
2026-03-27 03:32:45,343 - INFO - Checking for new emails...
2026-03-27 03:34:03,420 - INFO - No new emails found
2026-03-27 03:34:58,802 - INFO - No new emails found
2026-03-27 03:35:03,422 - INFO - Checking for new emails...
2026-03-27 03:35:58,881 - INFO - Checking for new emails...
2026-03-27 03:41:10,798 - INFO - No new emails found
2026-03-27 03:41:25,938 - INFO - No new emails found
2026-03-27 03:42:10,800 - INFO - Checking for new emails...
2026-03-27 03:42:25,942 - INFO - Checking for new emails...
2026-03-27 03:42:49,166 - INFO - No new emails found
2026-03-27 03:42:50,664 - INFO - No new emails found
2026-03-27 03:43:49,167 - INFO - Checking for new emails...
2026-03-27 03:43:50,686 - INFO - Checking for new emails...
2026-03-27 03:44:24,394 - INFO - No new emails found
2026-03-27 03:44:33,160 - INFO - No new emails found
2026-03-27 03:45:24,422 - INFO - Checking for new emails...
2026-03-27 03:45:33,161 - INFO - Checking for new emails...
2026-03-27 03:45:56,539 - INFO - No new emails found
2026-03-27 03:45:59,022 - INFO - No new emails found
2026-03-27 03:46:56,540 - INFO - Checking for new emails...
2026-03-27 03:46:59,025 - INFO - Checking for new emails...
2026-03-27 03:47:32,925 - INFO - No new emails found
2026-03-27 03:47:36,152 - INFO - No new emails found
2026-03-27 03:48:32,927 - INFO - Checking for new emails...
2026-03-27 03:48:36,153 - INFO - Checking for new emails...
2026-03-27 03:49:10,287 - INFO - No new emails found
2026-03-27 03:49:17,474 - INFO - No new emails found
2026-03-27 03:50:10,288 - INFO - Checking for new emails...
2026-03-27 03:50:17,476 - INFO - Checking for new emails...
2026-03-27 03:51:00,481 - INFO - No new emails found
2026-03-27 03:52:00,486 - INFO - Checking for new emails...
2026-03-27 03:52:54,507 - INFO - No new emails found
2026-03-27 03:53:54,509 - INFO - Checking for new emails...
2026-03-27 03:54:29,082 - INFO - No new emails found
2026-03-27 03:55:29,084 - INFO - Checking for new emails...
2026-03-27 03:56:09,202 - INFO - No new emails found
2026-03-27 03:57:09,204 - INFO - Checking for new emails...
2026-03-27 03:57:27,331 - INFO - No new emails found
2026-03-27 03:58:27,333 - INFO - Checking for new emails...
2026-03-27 03:58:44,431 - INFO - No new emails found
2026-03-27 03:59:44,433 - INFO - Checking for new emails...
2026-03-27 04:00:03,882 - INFO - No new emails found
2026-03-27 04:01:03,884 - INFO - Checking for new emails...
2026-03-27 04:01:29,034 - INFO - No new emails found
2026-03-27 04:02:29,035 - INFO - Checking for new emails...
2026-03-27 04:02:56,090 - INFO - No new emails found
2026-03-27 04:03:56,091 - INFO - Checking for new emails...
2026-03-27 04:04:21,310 - INFO - No new emails found
2026-03-27 04:05:21,313 - INFO - Checking for new emails...
2026-03-27 04:05:47,555 - INFO - No new emails found
2026-03-27 04:06:47,557 - INFO - Checking for new emails...
2026-03-27 04:07:35,071 - INFO - No new emails found
2026-03-27 04:08:35,073 - INFO - Checking for new emails...
2026-03-27 04:09:11,112 - INFO - No new emails found
2026-03-27 04:10:11,115 - INFO - Checking for new emails...
2026-03-27 04:10:46,985 - INFO - No new emails found
2026-03-27 04:11:46,986 - INFO - Checking for new emails...
2026-03-27 04:12:06,385 - INFO - No new emails found
2026-03-27 04:13:06,401 - INFO - Checking for new emails...
2026-03-27 04:13:26,987 - INFO - No new emails found
2026-03-27 04:14:26,989 - INFO - Checking for new emails...
2026-03-27 04:14:43,723 - INFO - No new emails found
2026-03-27 04:15:43,724 - INFO - Checking for new emails...
2026-03-27 04:16:01,070 - INFO - No new emails found
2026-03-27 04:17:01,071 - INFO - Checking for new emails...
2026-03-27 04:17:17,951 - INFO - No new emails found
2026-03-27 04:18:17,952 - INFO - Checking for new emails...
2026-03-27 04:18:40,732 - INFO - No new emails found
2026-03-27 04:19:40,732 - INFO - Checking for new emails...
2026-03-27 04:20:28,694 - INFO - No new emails found
2026-03-27 04:21:28,696 - INFO - Checking for new emails...
2026-03-27 04:22:05,279 - INFO - No new emails found
2026-03-27 04:23:05,281 - INFO - Checking for new emails...
2026-03-27 04:23:26,592 - INFO - No new emails found
2026-03-27 04:24:26,594 - INFO - Checking for new emails...
2026-03-27 04:24:47,710 - INFO - No new emails found
2026-03-27 04:25:47,712 - INFO - Checking for new emails...
2026-03-27 04:26:22,516 - INFO - No new emails found
